Decoded line: ffdfdfsadfsdfsdfsa
Encoded line: "ffdfdfsadfsdfsdfsa"
