Decoded line: dfsadflksdahfpnosdhfnlasdhklnvasdjhfnvlsadjhfnlsadv





jhfnlsa;dhfnlsadjhflaskdjnflasdkhfnlsdkjhfnlskdhflkshf
Encoded line: "dfsadflksdahfpnosdhfnlasdhklnvasdjhfnvlsadjhfnlsadv\n\n\n\n\n\njhfnlsa;dhfnlsadjhflaskdjnflasdkhfnlsdkjhfnlskdhflkshf"
