Decoded line: snfsdf;s dljf;lsdkdfasdfsdfsssdfsfdsfsdfsadfhskaldjhfnlasdjkhfcnlkjsadhnflawdkhjfvalekhsiluvqwehfldfsadfsdfsdfasdfassdfsdfasdfassfsafjf
Encoded line: "snfsdf;s dljf;lsdkdfasdfsdfsssdfsfdsfsdfsadfhskaldjhfnlasdjkhfcnlkjsadhnflawdkhjfvalekhsiluvqwehfldfsadfsdfsdfasdfassdfsdfasdfassfsafjf"
