Decoded line: fsdfsadf

Encoded line: "fsdfsadf\n"
