Program parsed successfully.
x resolves to param 0
y resolves to param 1
printer resolves to global 1
i resolves to local 0
z resolves to local 1
Program resolved successfully.
Program type checked successfully.
