Program parsed successfully.
the_string resolves to global 1
the_string resolves to global 1
j resolves to local 0
i resolves to local 1
i resolves to local 1
Program resolved successfully.
Program type checked successfully.
