Program parsed successfully.
i resolves to local 0
j resolves to local 1
i resolves to local 0
j resolves to local 1
i resolves to local 0
j resolves to local 1
i resolves to local 0
j resolves to local 1
i resolves to local 0
j resolves to local 1
i resolves to local 0
j resolves to local 1
Program resolved successfully.
Program type checked successfully.
