Program parsed successfully.
i resolves to param 0
i resolves to param 0
add_one1 resolves to global 0
i resolves to param 0
x resolves to param 1
add_one resolves to local 0
Program resolved successfully.
Program type checked successfully.
