Program parsed successfully.
i resolves to local 0
z resolves to local 1
Program resolved successfully.
Program type checked successfully.
