IDENTIFIER     dfdssdfsdf
parse error: syntax error
