IDENTIFIER     x
COLON :
INT            integer
ASSIGN         =
INT LITERAL    0
parse error: syntax error
