IDENTIFIER     func1
COLON :
FUNCTION            function
INT            integer
LEFT PARENTHEIS     (
IDENTIFIER     x
COLON :
INT            integer
COMMA          ,
IDENTIFIER     y
COLON :
CHAR           char
RIGHT PARENTHESIS    )
ASSIGN         =
LEFT BRACE     {
PRINT          print
IDENTIFIER     x
SEMICOLON      ;
RETURN         return
INT LITERAL    0
RIGHT BRACE    }
parse error: syntax error
