IDENTIFIER     x
COLON :
FUNCTION            function
LEFT PARENTHEIS     (
parse error: syntax error
