IDENTIFIER     main
COLON :
FUNCTION            function
VOID           void
LEFT PARENTHEIS     (
RIGHT PARENTHESIS    )
ASSIGN         =
LEFT BRACE     {
IDENTIFIER     x
COLON :
INT            integer
ASSIGN         =
INT LITERAL    0
MULTIPLY       *
MULTIPLY       *
INT LITERAL    0
SEMICOLON      ;
PRINT          print
IDENTIFIER     x
SEMICOLON      ;
RIGHT BRACE    }
parse error: syntax error
