IDENTIFIER     main
COLON :
FUNCTION            function
VOID           void
LEFT PARENTHEIS     (
RIGHT PARENTHESIS    )
ASSIGN         =
LEFT BRACE     {
PRINT          print
STRING LITERAL hi
SEMICOLON      ;
RIGHT BRACE    }
Program parsed successfully.
