IDENTIFIER     x
COLON :
INT            integer
SEMICOLON      ;
IDENTIFIER     y
COLON :
INT            integer
SEMICOLON      ;
IDENTIFIER     z
COLON :
INT            integer
SEMICOLON      ;
Program parsed successfully.
