IDENTIFIER     main
COLON :
FUNCTION            function
VOID           void
LEFT PARENTHEIS     (
RIGHT PARENTHESIS    )
ASSIGN         =
LEFT BRACE     {
RIGHT BRACE    }
HEREProgram parsed successfully.
