IDENTIFIER     main
COLON :
FUNCTION            function
VOID           void
LEFT PARENTHEIS     (
RIGHT PARENTHESIS    )
SEMICOLON      ;
Program parsed successfully.
