Program parsed successfully.
Program resolved successfully.
if condition must be booleanProgram failed to typecheck.
