Program parsed successfully.
Program resolved successfully.
type error: only atomic types allowed to be declared globally
Program failed to typecheck.
