Program parsed successfully.
z resolves to param 1
foo resolves to local 1
Program resolved successfully.
Program type checked successfully.
