Program parsed successfully.
Program resolved successfully.
Program type checked successfully.
