Program parsed successfully.
i resolves to local 0
i resolves to local 0
s resolves to param 2
i resolves to local 0
i resolves to local 1
Program resolved successfully.
Program type checked successfully.
