Program parsed successfully.
z resolves to param 0
z resolves to param 0
z resolves to param 0
Program resolved successfully.
Program type checked successfully.
