Program parsed successfully.
x resolves to local 0
y resolves to local 1
Program resolved successfully.
Program type checked successfully.
