Program parsed successfully.
testfunc: function void () = {
    i: integer;
    j: integer;
    for(i=0;i<10;i++){
        b[i]=a[i]*10;
    }
}

