Program parsed successfully.
testit: function boolean (x : integer, y : integer) = {
    i: integer = 0;
    for(i=0;i<x;i++){
        return 5;
    }
}

