Program parsed successfully.
main: function char () = {
    x: integer;
    x=1;
}

