Program parsed successfully.
resolve error: j is not defined
Program failed to resolve.
