Program parsed successfully.
x resolves to param 0
resolve error: z is not defined
Program failed to resolve.
