Program parsed successfully.
resolve error: z is not defined
Program failed to resolve.
