Program parsed successfully.
Program resolved successfully.
