Program parsed successfully.
x resolves to param 0
x resolves to param 0
z resolves to param 2
Program resolved successfully.
