Program parsed successfully.
x resolves to param 0
Program resolved successfully.
