Program parsed successfully.
c resolves to local 1
Program resolved successfully.
Program type checked successfully.
