Program parsed successfully.
error: redeclarationc resolves to global c
c resolves to global c
Program failed to resolve.
Program type checked successfully.
