Program parsed successfully.
i resolves to local 1
i resolves to local 1
r resolves to param 1
i resolves to local 1
i resolves to local 1
i resolves to local 1
i resolves to local 1
s resolves to param 2
i resolves to local 1
i resolves to local 1
i resolves to local 1
i resolves to local 1
r resolves to param 1
i resolves to local 1
i resolves to local 1
Program resolved successfully.
Program type checked successfully.
