Program parsed successfully.
a resolves to param 1
b resolves to param 2
a resolves to param 1
b resolves to param 2
x resolves to global x
x resolves to global x
z resolves to param 1
y resolves to local 1
x resolves to global x
y resolves to local 1
b resolves to global b
c resolves to local 2
s resolves to global s
d resolves to local 3
z resolves to param 1
y resolves to local 1
x resolves to global x
y resolves to local 1
min resolves to global min
a resolves to local 4
a resolves to local 4
Program resolved successfully.
paramater error: wrong of arguments given to the function min.
Program type checked successfully.
