Program parsed successfully.
a resolves to param 1
b resolves to param 2
a resolves to param 1
b resolves to param 2
min resolves to global min
z resolves to param 1
z resolves to param 1
Program resolved successfully.
Program type checked successfully.
