IDENTIFIER     fdksdjhfksljdfh
IDENTIFIER     dfsdf
STRING LITERAL fdsdfdsfdsfs
IDENTIFIER     dsfsdfjsljdf
IDENTIFIER     dsfsdfjsljdf
FLOAT LITERAL  1.333000
IDENTIFIER     sfdsdf737347
SEMICOLON      ;
IDENTIFIER     dsf
SEMICOLON      ;
IDENTIFIER     dfdsfl
SEMICOLON      ;
IDENTIFIER     fdsdf
SEMICOLON      ;
IDENTIFIER     fice
ASSIGN         =
INT LITERAL    0
SEMICOLON      ;
FLOAT          float
WHILE          while
LEFT BRACE     {
RIGHT BRACE    }
