IDENTIFIER     chelsea345dsfsdf_
IDENTIFIER     dfasdfs
IDENTIFIER     JKJH
SEMICOLON      ;
SEMICOLON      ;
IDENTIFIER     int
SEMICOLON      ;
