IDENTIFIER     fsdf
SEMICOLON      ;
IDENTIFIER     sdfasdfdsaf
SEMICOLON      ;
IDENTIFIER     sdfasdfsd
SEMICOLON      ;
IDENTIFIER     p
ASSIGN         =
INT LITERAL    0
CHAR           char
SEMICOLON      ;
GREATER THAN   >
LESS THAN      <
EQUALITY       ==
SUBTRACT           -
ADD            +
INCREMENT      ++
DECREMENT      --
